@\\Client\H$\Development\CIS442\CIS442-WK3-Lab\bspcreate.sql
Table dropped.

DROP TABLE DEPT
           *
ERROR at line 1:
ORA-00942: table or view does not exist 


Table created.

CREATE TABLE DEPT
             *
ERROR at line 1:
ORA-00955: name is already used by an existing object 



Table created.

SQL> @\\Client\H$\Development\CIS442\CIS442-WK3-Lab\bspfill.sql
CREATE TABLE EMP
             *
ERROR at line 1:
ORA-00955: name is already used by an existing object 


CREATE TABLE EMP
             *
ERROR at line 1:
ORA-00955: name is already used by an existing object 


CREATE TABLE EMP
             *
ERROR at line 1:
ORA-00955: name is already used by an existing object 



0 rows deleted.


0 rows deleted.


0 rows deleted.


1 row created.


1 row created.


1 row created.


1 row created.


1 row created.

INSERT INTO DEPT
*
ERROR at line 1:
ORA-00001: unique constraint (CIS442FX70_08.PK_DEPTID) violated 



1 row created.


1 row created.


1 row created.


1 row created.


1 row created.


1 row created.


1 row created.


1 row created.


1 row created.


1 row created.

SQL> 
SQL> set PAGESIZE 180;
SQL> 
SQL> set LINESIZE 264;
SQL> SELECT EMP_id, Name, Salary, Commission FROM EMP;

    EMP_ID NAME                                                   SALARY COMMISSION                                                                                                                                                                                     
---------- -------------------------------------------------- ---------- ----------                                                                                                                                                                                     
         1 Dr. Black                                                 800          0                                                                                                                                                                                     
         2 Dr. Red                                                   900          0                                                                                                                                                                                     
         3 Dr. Green                                                1000          0                                                                                                                                                                                     
         4 Dr. Orange                                                700          0                                                                                                                                                                                     
         5 Dr. Pink                                                 3000          0                                                                                                                                                                                     
         6 Dr. Silver                                               3000          0                                                                                                                                                                                     
         7 Dr. Yellow                                               3000          0                                                                                                                                                                                     
         8 Dr. White                                                1000          0                                                                                                                                                                                     
         9 Dr. Brown                                                1000          0                                                                                                                                                                                     
        10 Dr. Entropy                                               700          0                                                                                                                                                                                     

10 rows selected.

SQL> @\\Client\H$\Development\CIS442\CIS442-WK3-Lab\plscript.sql

PL/SQL procedure successfully completed.

SQL> SELECT EMP_id, Name, Salary, Commission FROM EMP;

    EMP_ID NAME                                                   SALARY COMMISSION                                                                                                                                                                                     
---------- -------------------------------------------------- ---------- ----------                                                                                                                                                                                     
         1 Dr. Black                                                 800          0                                                                                                                                                                                     
         2 Dr. Red                                                   900          0                                                                                                                                                                                     
         3 Dr. Green                                                1000          0                                                                                                                                                                                     
         4 Dr. Orange                                                700          0                                                                                                                                                                                     
         5 Dr. Pink                                                 3000          0                                                                                                                                                                                     
         6 Dr. Silver                                               3000          0                                                                                                                                                                                     
         7 Dr. Yellow                                               3000          0                                                                                                                                                                                     
         8 Dr. White                                                1000          0                                                                                                                                                                                     
         9 Dr. Brown                                                1000          0                                                                                                                                                                                     
        10 Dr. Entropy                                               700          0                                                                                                                                                                                     

10 rows selected.

SQL> @\\Client\H$\Development\CIS442\CIS442-WK3-Lab\plscript.sql

PL/SQL procedure successfully completed.

SQL> SELECT EMP_id, Name, Salary, Commission FROM EMP;

    EMP_ID NAME                                                   SALARY COMMISSION                                                                                                                                                                                     
---------- -------------------------------------------------- ---------- ----------                                                                                                                                                                                     
         1 Dr. Black                                                 800         80                                                                                                                                                                                     
         2 Dr. Red                                                   900          0                                                                                                                                                                                     
         3 Dr. Green                                                1000          0                                                                                                                                                                                     
         4 Dr. Orange                                                700          0                                                                                                                                                                                     
         5 Dr. Pink                                                 3000          0                                                                                                                                                                                     
         6 Dr. Silver                                               3000          0                                                                                                                                                                                     
         7 Dr. Yellow                                               3000          0                                                                                                                                                                                     
         8 Dr. White                                                1000          0                                                                                                                                                                                     
         9 Dr. Brown                                                1000          0                                                                                                                                                                                     
        10 Dr. Entropy                                               700          0                                                                                                                                                                                     

10 rows selected.

SQL> @\\Client\H$\Development\CIS442\CIS442-WK3-Lab\plscript.sql

PL/SQL procedure successfully completed.

SQL> SELECT EMP_id, Name, Salary, Commission FROM EMP;

    EMP_ID NAME                                                   SALARY COMMISSION                                                                                                                                                                                     
---------- -------------------------------------------------- ---------- ----------                                                                                                                                                                                     
         1 Dr. Black                                                 800         80                                                                                                                                                                                     
         2 Dr. Red                                                   900          0                                                                                                                                                                                     
         3 Dr. Green                                                1000        150                                                                                                                                                                                     
         4 Dr. Orange                                                700          0                                                                                                                                                                                     
         5 Dr. Pink                                                 3000          0                                                                                                                                                                                     
         6 Dr. Silver                                               3000          0                                                                                                                                                                                     
         7 Dr. Yellow                                               3000          0                                                                                                                                                                                     
         8 Dr. White                                                1000          0                                                                                                                                                                                     
         9 Dr. Brown                                                1000          0                                                                                                                                                                                     
        10 Dr. Entropy                                               700          0                                                                                                                                                                                     

10 rows selected.

SQL> @\\Client\H$\Development\CIS442\CIS442-WK3-Lab\plscript.sql

PL/SQL procedure successfully completed.

SQL> SELECT EMP_id, Name, Salary, Commission FROM EMP;

    EMP_ID NAME                                                   SALARY COMMISSION                                                                                                                                                                                     
---------- -------------------------------------------------- ---------- ----------                                                                                                                                                                                     
         1 Dr. Black                                                 800         80                                                                                                                                                                                     
         2 Dr. Red                                                   900          0                                                                                                                                                                                     
         3 Dr. Green                                                1000        150                                                                                                                                                                                     
         4 Dr. Orange                                                700          0                                                                                                                                                                                     
         5 Dr. Pink                                                 3000          0                                                                                                                                                                                     
         6 Dr. Silver                                               3000        600                                                                                                                                                                                     
         7 Dr. Yellow                                               3000          0                                                                                                                                                                                     
         8 Dr. White                                                1000          0                                                                                                                                                                                     
         9 Dr. Brown                                                1000          0                                                                                                                                                                                     
        10 Dr. Entropy                                               700          0                                                                                                                                                                                     

10 rows selected.

SQL> 
